running develop
running egg_info
creating robot_UI.egg-info
writing robot_UI.egg-info/PKG-INFO
writing dependency_links to robot_UI.egg-info/dependency_links.txt
writing entry points to robot_UI.egg-info/entry_points.txt
writing requirements to robot_UI.egg-info/requires.txt
writing top-level names to robot_UI.egg-info/top_level.txt
writing manifest file 'robot_UI.egg-info/SOURCES.txt'
reading manifest file 'robot_UI.egg-info/SOURCES.txt'
writing manifest file 'robot_UI.egg-info/SOURCES.txt'
running build_ext
Creating /home/kjh/github_robot_sim/quadruped_sim2sim/install/robot_UI/lib/python3.10/site-packages/robot-UI.egg-link (link to .)
Installing run_ui script to /home/kjh/github_robot_sim/quadruped_sim2sim/install/robot_UI/lib/robot_UI

Installed /home/kjh/github_robot_sim/quadruped_sim2sim/build/robot_UI
running install_data
creating /home/kjh/github_robot_sim/quadruped_sim2sim/install/robot_UI/share/ament_index
creating /home/kjh/github_robot_sim/quadruped_sim2sim/install/robot_UI/share/ament_index/resource_index
creating /home/kjh/github_robot_sim/quadruped_sim2sim/install/robot_UI/share/ament_index/resource_index/packages
copying resource/robot_UI -> /home/kjh/github_robot_sim/quadruped_sim2sim/install/robot_UI/share/ament_index/resource_index/packages
copying package.xml -> /home/kjh/github_robot_sim/quadruped_sim2sim/install/robot_UI/share/robot_UI
creating /home/kjh/github_robot_sim/quadruped_sim2sim/install/robot_UI/share/robot_UIsubmodule
creating /home/kjh/github_robot_sim/quadruped_sim2sim/install/robot_UI/share/robot_UIsubmodule/feather
