[0.708s] Invoking command in '/home/kjh/github_robot_sim/quadruped_sim2sim/build/robot_UI': PYTHONPATH=/home/kjh/github_robot_sim/quadruped_sim2sim/build/robot_UI/prefix_override:/home/kjh/github_robot_sim/quadruped_sim2sim/install/robot_UI/lib/python3.10/site-packages:${PYTHONPATH} /usr/bin/python3 setup.py develop --editable --build-directory /home/kjh/github_robot_sim/quadruped_sim2sim/build/robot_UI/build --no-deps install_data
[0.884s] running develop
[1.020s] running egg_info
[1.020s] creating robot_UI.egg-info
[1.020s] writing robot_UI.egg-info/PKG-INFO
[1.020s] writing dependency_links to robot_UI.egg-info/dependency_links.txt
[1.020s] writing entry points to robot_UI.egg-info/entry_points.txt
[1.020s] writing requirements to robot_UI.egg-info/requires.txt
[1.020s] writing top-level names to robot_UI.egg-info/top_level.txt
[1.020s] writing manifest file 'robot_UI.egg-info/SOURCES.txt'
[1.021s] reading manifest file 'robot_UI.egg-info/SOURCES.txt'
[1.022s] writing manifest file 'robot_UI.egg-info/SOURCES.txt'
[1.040s] running build_ext
[1.040s] Creating /home/kjh/github_robot_sim/quadruped_sim2sim/install/robot_UI/lib/python3.10/site-packages/robot-UI.egg-link (link to .)
[1.040s] Installing run_ui script to /home/kjh/github_robot_sim/quadruped_sim2sim/install/robot_UI/lib/robot_UI
[1.040s] 
[1.040s] Installed /home/kjh/github_robot_sim/quadruped_sim2sim/build/robot_UI
[1.041s] running install_data
[1.041s] creating /home/kjh/github_robot_sim/quadruped_sim2sim/install/robot_UI/share/ament_index
[1.041s] creating /home/kjh/github_robot_sim/quadruped_sim2sim/install/robot_UI/share/ament_index/resource_index
[1.041s] creating /home/kjh/github_robot_sim/quadruped_sim2sim/install/robot_UI/share/ament_index/resource_index/packages
[1.041s] copying resource/robot_UI -> /home/kjh/github_robot_sim/quadruped_sim2sim/install/robot_UI/share/ament_index/resource_index/packages
[1.041s] copying package.xml -> /home/kjh/github_robot_sim/quadruped_sim2sim/install/robot_UI/share/robot_UI
[1.041s] creating /home/kjh/github_robot_sim/quadruped_sim2sim/install/robot_UI/share/robot_UIsubmodule
[1.041s] creating /home/kjh/github_robot_sim/quadruped_sim2sim/install/robot_UI/share/robot_UIsubmodule/feather
[1.082s] Invoked command in '/home/kjh/github_robot_sim/quadruped_sim2sim/build/robot_UI' returned '0': PYTHONPATH=/home/kjh/github_robot_sim/quadruped_sim2sim/build/robot_UI/prefix_override:/home/kjh/github_robot_sim/quadruped_sim2sim/install/robot_UI/lib/python3.10/site-packages:${PYTHONPATH} /usr/bin/python3 setup.py develop --editable --build-directory /home/kjh/github_robot_sim/quadruped_sim2sim/build/robot_UI/build --no-deps install_data
