-- The C compiler identification is GNU 11.4.0
-- The CXX compiler identification is GNU 11.4.0
-- Detecting C compiler ABI info
-- Detecting C compiler ABI info - done
-- Check for working C compiler: /usr/bin/cc - skipped
-- Detecting C compile features
-- Detecting C compile features - done
-- Detecting CXX compiler ABI info
-- Detecting CXX compiler ABI info - done
-- Check for working CXX compiler: /usr/bin/c++ - skipped
-- Detecting CXX compile features
-- Detecting CXX compile features - done
-- Found ament_cmake: 1.3.4 (/opt/ros/humble/share/ament_cmake/cmake)
-- Found Python3: /usr/bin/python3.10 (found version "3.10.12") found components: Interpreter 
-- Override CMake install command with custom implementation using symlinks instead of copying resources
-- Configuring done (0.7s)
-- Generating done (0.0s)
-- Build files have been written to: /home/kjh/github_robot_sim/quadruped_sim2sim/build/robot_gazebo
-- Install configuration: ""
-- Execute custom install script
-- Symlinking: /home/kjh/github_robot_sim/quadruped_sim2sim/install/robot_gazebo/share/robot_gazebo/launch/go1_gazebo.launch.py
-- Symlinking: /home/kjh/github_robot_sim/quadruped_sim2sim/install/robot_gazebo/share/robot_gazebo/config/go1_ros_control.yaml
-- Symlinking: /home/kjh/github_robot_sim/quadruped_sim2sim/install/robot_gazebo/share/robot_gazebo/worlds/go1_empty.world
-- Symlinking: /home/kjh/github_robot_sim/quadruped_sim2sim/install/robot_gazebo/share/robot_gazebo/worlds/go1_world.world
-- Symlinking: /home/kjh/github_robot_sim/quadruped_sim2sim/install/robot_gazebo/share/ament_index/resource_index/package_run_dependencies/robot_gazebo
-- Symlinking: /home/kjh/github_robot_sim/quadruped_sim2sim/install/robot_gazebo/share/ament_index/resource_index/parent_prefix_path/robot_gazebo
-- Symlinking: /home/kjh/github_robot_sim/quadruped_sim2sim/install/robot_gazebo/share/robot_gazebo/environment/ament_prefix_path.sh
-- Symlinking: /home/kjh/github_robot_sim/quadruped_sim2sim/install/robot_gazebo/share/robot_gazebo/environment/ament_prefix_path.dsv
-- Symlinking: /home/kjh/github_robot_sim/quadruped_sim2sim/install/robot_gazebo/share/robot_gazebo/environment/path.sh
-- Symlinking: /home/kjh/github_robot_sim/quadruped_sim2sim/install/robot_gazebo/share/robot_gazebo/environment/path.dsv
-- Symlinking: /home/kjh/github_robot_sim/quadruped_sim2sim/install/robot_gazebo/share/robot_gazebo/local_setup.bash
-- Symlinking: /home/kjh/github_robot_sim/quadruped_sim2sim/install/robot_gazebo/share/robot_gazebo/local_setup.sh
-- Symlinking: /home/kjh/github_robot_sim/quadruped_sim2sim/install/robot_gazebo/share/robot_gazebo/local_setup.zsh
-- Symlinking: /home/kjh/github_robot_sim/quadruped_sim2sim/install/robot_gazebo/share/robot_gazebo/local_setup.dsv
-- Symlinking: /home/kjh/github_robot_sim/quadruped_sim2sim/install/robot_gazebo/share/robot_gazebo/package.dsv
-- Symlinking: /home/kjh/github_robot_sim/quadruped_sim2sim/install/robot_gazebo/share/ament_index/resource_index/packages/robot_gazebo
-- Symlinking: /home/kjh/github_robot_sim/quadruped_sim2sim/install/robot_gazebo/share/robot_gazebo/cmake/robot_gazeboConfig.cmake
-- Symlinking: /home/kjh/github_robot_sim/quadruped_sim2sim/install/robot_gazebo/share/robot_gazebo/cmake/robot_gazeboConfig-version.cmake
-- Symlinking: /home/kjh/github_robot_sim/quadruped_sim2sim/install/robot_gazebo/share/robot_gazebo/package.xml
